[    0.000000] Initializing cgroup subsys cpuset
[    0.000000] Initializing cgroup subsys cpu
[    0.000000] Initializing cgroup subsys cpuacct
[    0.000000] Linux version 3.10.0-229.4.2.el7.x86_64 (builder@kbuilder.dev.centos.org) (gcc version 4.8.2 20140120 (Red Hat 4.8.2-16) (GCC) ) #1 SMP Wed May 13 10:06:09 UTC 2015
[    0.000000] Command line: BOOT_IMAGE=/boot/vmlinuz-3.10.0-229.4.2.el7.x86_64 root=UUID=427e4cf4-85d2-4b58-ac5b-a5c12d0b70dd ro rootdelay=300 console=ttyS0 earlyprintk=ttyS0 vconsole.keymap=us vconsole.font=latarcyrheb-sun16
[    0.000000] e820: BIOS-provided physical RAM map:
[    0.000000] BIOS-e820: [mem 0x0000000000000000-0x000000000009fbff] usable
[    0.000000] BIOS-e820: [mem 0x000000000009fc00-0x000000000009ffff] reserved
[    0.000000] BIOS-e820: [mem 0x00000000000e0000-0x00000000000fffff] reserved
[    0.000000] BIOS-e820: [mem 0x0000000000100000-0x000000001ffeffff] usable
[    0.000000] BIOS-e820: [mem 0x000000001fff0000-0x000000001fffefff] ACPI data
[    0.000000] BIOS-e820: [mem 0x000000001ffff000-0x000000001fffffff] ACPI NVS
[    0.000000] BIOS-e820: [mem 0x0000000100000000-0x000000029fffffff] usable
[    0.000000] bootconsole [earlyser0] enabled
[    0.000000] NX (Execute Disable) protection: active
[    0.000000] SMBIOS 2.3 present.
[    0.000000] DMI: Microsoft Corporation Virtual Machine/Virtual Machine, BIOS 090006  05/23/2012
[    0.000000] Hypervisor detected: Microsoft HyperV
[    0.000000] HyperV: features 0xe7f, hints 0x2c
[    0.000000] HyperV: LAPIC Timer Frequency: 0x30d40
[    0.000000] e820: update [mem 0x00000000-0x00000fff] usable ==> reserved
[    0.000000] e820: remove [mem 0x000a0000-0x000fffff] usable
[    0.000000] No AGP bridge found
[    0.000000] e820: last_pfn = 0x2a0000 max_arch_pfn = 0x400000000
[    0.000000] MTRR default type: uncachable
[    0.000000] MTRR fixed ranges enabled:
[    0.000000]   00000-9FFFF write-back
[    0.000000]   A0000-DFFFF uncachable
[    0.000000]   E0000-FFFFF write-back
[    0.000000] MTRR variable ranges enabled:
[    0.000000]   0 base 00000000000 mask 3FFC0000000 write-back
[    0.000000]   1 base 00100000000 mask 3F000000000 write-back
[    0.000000]   2 disabled
[    0.000000]   3 disabled
[    0.000000]   4 disabled
[    0.000000]   5 disabled
[    0.000000]   6 disabled
[    0.000000]   7 disabled
[    0.000000] x86 PAT enabled: cpu 0, old 0x7040600070406, new 0x7010600070106
[    0.000000] e820: update [mem 0x40000000-0xffffffff] usable ==> reserved
[    0.000000] e820: last_pfn = 0x1fff0 max_arch_pfn = 0x400000000
[    0.000000] found SMP MP-table at [mem 0x000ff780-0x000ff78f] mapped at [ffff8800000ff780]
[    0.000000] Base memory trampoline at [ffff880000099000] 99000 size 24576
[    0.000000] init_memory_mapping: [mem 0x00000000-0x000fffff]
[    0.000000]  [mem 0x00000000-0x000fffff] page 4k
[    0.000000] BRK [0x01ee5000, 0x01ee5fff] PGTABLE
[    0.000000] BRK [0x01ee6000, 0x01ee6fff] PGTABLE
[    0.000000] BRK [0x01ee7000, 0x01ee7fff] PGTABLE
[    0.000000] init_memory_mapping: [mem 0x29fe00000-0x29fffffff]
[    0.000000]  [mem 0x29fe00000-0x29fffffff] page 2M
[    0.000000] BRK [0x01ee8000, 0x01ee8fff] PGTABLE
[    0.000000] init_memory_mapping: [mem 0x29c000000-0x29fdfffff]
[    0.000000]  [mem 0x29c000000-0x29fdfffff] page 2M
[    0.000000] init_memory_mapping: [mem 0x280000000-0x29bffffff]
[    0.000000]  [mem 0x280000000-0x29bffffff] page 2M
[    0.000000] init_memory_mapping: [mem 0x00100000-0x1ffeffff]
[    0.000000]  [mem 0x00100000-0x001fffff] page 4k
[    0.000000]  [mem 0x00200000-0x1fdfffff] page 2M
[    0.000000]  [mem 0x1fe00000-0x1ffeffff] page 4k
[    0.000000] init_memory_mapping: [mem 0x100000000-0x27fffffff]
[    0.000000]  [mem 0x100000000-0x27fffffff] page 2M
[    0.000000] BRK [0x01ee9000, 0x01ee9fff] PGTABLE
[    0.000000] BRK [0x01eea000, 0x01eeafff] PGTABLE
[    0.000000] RAMDISK: [mem 0x1eaa6000-0x1f915fff]
[    0.000000] ACPI: RSDP 00000000000f56f0 00014 (v00 ACPIAM)
[    0.000000] ACPI: RSDT 000000001fff0000 00040 (v01 VRTUAL MICROSFT 05001223 MSFT 00000097)
[    0.000000] ACPI: FACP 000000001fff0200 00081 (v02 VRTUAL MICROSFT 05001223 MSFT 00000097)
[    0.000000] ACPI: DSDT 000000001fff1724 02E78 (v01 MSFTVM MSFTVM02 00000002 INTL 02002026)
[    0.000000] ACPI: FACS 000000001ffff000 00040
[    0.000000] ACPI: WAET 000000001fff1480 00028 (v01 VRTUAL MICROSFT 05001223 MSFT 00000097)
[    0.000000] ACPI: SLIC 000000001fff14c0 00176 (v01 VRTUAL MICROSFT 05001223 MSFT 00000097)
[    0.000000] ACPI: OEM0 000000001fff16c0 00064 (v01 VRTUAL MICROSFT 05001223 MSFT 00000097)
[    0.000000] ACPI: SRAT 000000001fff0600 000A0 (v02 VRTUAL MICROSFT 00000001 MSFT 00000001)
[    0.000000] ACPI: APIC 000000001fff0300 0024C (v01 VRTUAL MICROSFT 05001223 MSFT 00000097)
[    0.000000] ACPI: OEMB 000000001ffff040 00064 (v01 VRTUAL MICROSFT 05001223 MSFT 00000097)
[    0.000000] ACPI: Local APIC address 0xfee00000
[    0.000000] SRAT: PXM 0 -> APIC 0x00 -> Node 0
[    0.000000] SRAT: PXM 0 -> APIC 0x01 -> Node 0
[    0.000000] SRAT: Node 0 PXM 0 [mem 0x00000000-0x1fffffff]
[    0.000000] SRAT: Node 0 PXM 0 [mem 0x100000000-0x29fffffff]
[    0.000000] NUMA: Node 0 [mem 0x00000000-0x1fffffff] + [mem 0x100000000-0x29fffffff] -> [mem 0x00000000-0x29fffffff]
[    0.000000] Initmem setup node 0 [mem 0x00000000-0x29fffffff]
[    0.000000]   NODE_DATA [mem 0x29ffd4000-0x29fffafff]
[    0.000000]  [ffffea0000000000-ffffea000a7fffff] PMD -> [ffff880298600000-ffff88029f5fffff] on node 0
[    0.000000] Zone ranges:
[    0.000000]   DMA      [mem 0x00001000-0x00ffffff]
[    0.000000]   DMA32    [mem 0x01000000-0xffffffff]
[    0.000000]   Normal   [mem 0x100000000-0x29fffffff]
[    0.000000] Movable zone start for each node
[    0.000000] Early memory node ranges
[    0.000000]   node   0: [mem 0x00001000-0x0009efff]
[    0.000000]   node   0: [mem 0x00100000-0x1ffeffff]
[    0.000000]   node   0: [mem 0x100000000-0x29fffffff]
[    0.000000] On node 0 totalpages: 1834894
[    0.000000]   DMA zone: 64 pages used for memmap
[    0.000000]   DMA zone: 21 pages reserved
[    0.000000]   DMA zone: 3998 pages, LIFO batch:0
[    0.000000]   DMA32 zone: 1984 pages used for memmap
[    0.000000]   DMA32 zone: 126960 pages, LIFO batch:31
[    0.000000]   Normal zone: 26624 pages used for memmap
[    0.000000]   Normal zone: 1703936 pages, LIFO batch:31
[    0.000000] ACPI: PM-Timer IO Port: 0x408
[    0.000000] ACPI: Local APIC address 0xfee00000
[    0.000000] ACPI: LAPIC (acpi_id[0x01] lapic_id[0x00] enabled)
[    0.000000] ACPI: LAPIC (acpi_id[0x02] lapic_id[0x01] enabled)
[    0.000000] ACPI: LAPIC (acpi_id[0x03] lapic_id[0x02] disabled)
[    0.000000] ACPI: LAPIC (acpi_id[0x04] lapic_id[0x03] disabled)
[    0.000000] ACPI: LAPIC (acpi_id[0x05] lapic_id[0x04] disabled)
[    0.000000] ACPI: LAPIC (acpi_id[0x06] lapic_id[0x05] disabled)
[    0.000000] ACPI: LAPIC (acpi_id[0x07] lapic_id[0x06] disabled)
[    0.000000] ACPI: LAPIC (acpi_id[0x08] lapic_id[0x07] disabled)
[    0.000000] ACPI: LAPIC (acpi_id[0x09] lapic_id[0x08] disabled)
[    0.000000] ACPI: LAPIC (acpi_id[0x0a] lapic_id[0x09] disabled)
[    0.000000] ACPI: LAPIC (acpi_id[0x0b] lapic_id[0x0a] disabled)
[    0.000000] ACPI: LAPIC (acpi_id[0x0c] lapic_id[0x0b] disabled)
[    0.000000] ACPI: LAPIC (acpi_id[0x0d] lapic_id[0x0c] disabled)
[    0.000000] ACPI: LAPIC (acpi_id[0x0e] lapic_id[0x0d] disabled)
[    0.000000] ACPI: LAPIC (acpi_id[0x0f] lapic_id[0x0e] disabled)
[    0.000000] ACPI: LAPIC (acpi_id[0x10] lapic_id[0x0f] disabled)
[    0.000000] ACPI: LAPIC (acpi_id[0x11] lapic_id[0x10] disabled)
[    0.000000] ACPI: LAPIC (acpi_id[0x12] lapic_id[0x11] disabled)
[    0.000000] ACPI: LAPIC (acpi_id[0x13] lapic_id[0x12] disabled)
[    0.000000] ACPI: LAPIC (acpi_id[0x14] lapic_id[0x13] disabled)
[    0.000000] ACPI: LAPIC (acpi_id[0x15] lapic_id[0x14] disabled)
[    0.000000] ACPI: LAPIC (acpi_id[0x16] lapic_id[0x15] disabled)
[    0.000000] ACPI: LAPIC (acpi_id[0x17] lapic_id[0x16] disabled)
[    0.000000] ACPI: LAPIC (acpi_id[0x18] lapic_id[0x17] disabled)
[    0.000000] ACPI: LAPIC (acpi_id[0x19] lapic_id[0x18] disabled)
[    0.000000] ACPI: LAPIC (acpi_id[0x1a] lapic_id[0x19] disabled)
[    0.000000] ACPI: LAPIC (acpi_id[0x1b] lapic_id[0x1a] disabled)
[    0.000000] ACPI: LAPIC (acpi_id[0x1c] lapic_id[0x1b] disabled)
[    0.000000] ACPI: LAPIC (acpi_id[0x1d] lapic_id[0x1c] disabled)
[    0.000000] ACPI: LAPIC (acpi_id[0x1e] lapic_id[0x1d] disabled)
[    0.000000] ACPI: LAPIC (acpi_id[0x1f] lapic_id[0x1e] disabled)
[    0.000000] ACPI: LAPIC (acpi_id[0x20] lapic_id[0x1f] disabled)
[    0.000000] ACPI: LAPIC (acpi_id[0x21] lapic_id[0x20] disabled)
[    0.000000] ACPI: LAPIC (acpi_id[0x22] lapic_id[0x21] disabled)
[    0.000000] ACPI: LAPIC (acpi_id[0x23] lapic_id[0x22] disabled)
[    0.000000] ACPI: LAPIC (acpi_id[0x24] lapic_id[0x23] disabled)
[    0.000000] ACPI: LAPIC (acpi_id[0x25] lapic_id[0x24] disabled)
[    0.000000] ACPI: LAPIC (acpi_id[0x26] lapic_id[0x25] disabled)
[    0.000000] ACPI: LAPIC (acpi_id[0x27] lapic_id[0x26] disabled)
[    0.000000] ACPI: LAPIC (acpi_id[0x28] lapic_id[0x27] disabled)
[    0.000000] ACPI: LAPIC (acpi_id[0x29] lapic_id[0x28] disabled)
[    0.000000] ACPI: LAPIC (acpi_id[0x2a] lapic_id[0x29] disabled)
[    0.000000] ACPI: LAPIC (acpi_id[0x2b] lapic_id[0x2a] disabled)
[    0.000000] ACPI: LAPIC (acpi_id[0x2c] lapic_id[0x2b] disabled)
[    0.000000] ACPI: LAPIC (acpi_id[0x2d] lapic_id[0x2c] disabled)
[    0.000000] ACPI: LAPIC (acpi_id[0x2e] lapic_id[0x2d] disabled)
[    0.000000] ACPI: LAPIC (acpi_id[0x2f] lapic_id[0x2e] disabled)
[    0.000000] ACPI: LAPIC (acpi_id[0x30] lapic_id[0x2f] disabled)
[    0.000000] ACPI: LAPIC (acpi_id[0x31] lapic_id[0x30] disabled)
[    0.000000] ACPI: LAPIC (acpi_id[0x32] lapic_id[0x31] disabled)
[    0.000000] ACPI: LAPIC (acpi_id[0x33] lapic_id[0x32] disabled)
[    0.000000] ACPI: LAPIC (acpi_id[0x34] lapic_id[0x33] disabled)
[    0.000000] ACPI: LAPIC (acpi_id[0x35] lapic_id[0x34] disabled)
[    0.000000] ACPI: LAPIC (acpi_id[0x36] lapic_id[0x35] disabled)
[    0.000000] ACPI: LAPIC (acpi_id[0x37] lapic_id[0x36] disabled)
[    0.000000] ACPI: LAPIC (acpi_id[0x38] lapic_id[0x37] disabled)
[    0.000000] ACPI: LAPIC (acpi_id[0x39] lapic_id[0x38] disabled)
[    0.000000] ACPI: LAPIC (acpi_id[0x3a] lapic_id[0x39] disabled)
[    0.000000] ACPI: LAPIC (acpi_id[0x3b] lapic_id[0x3a] disabled)
[    0.000000] ACPI: LAPIC (acpi_id[0x3c] lapic_id[0x3b] disabled)
[    0.000000] ACPI: LAPIC (acpi_id[0x3d] lapic_id[0x3c] disabled)
[    0.000000] ACPI: LAPIC (acpi_id[0x3e] lapic_id[0x3d] disabled)
[    0.000000] ACPI: LAPIC (acpi_id[0x3f] lapic_id[0x3e] disabled)
[    0.000000] ACPI: LAPIC (acpi_id[0x40] lapic_id[0x3f] disabled)
[    0.000000] ACPI: IOAPIC (id[0x00] address[0xfec00000] gsi_base[0])
[    0.000000] IOAPIC[0]: apic_id 0, version 17, address 0xfec00000, GSI 0-23
[    0.000000] ACPI: INT_SRC_OVR (bus 0 bus_irq 0 global_irq 2 dfl dfl)
[    0.000000] ACPI: INT_SRC_OVR (bus 0 bus_irq 9 global_irq 9 high level)
[    0.000000] ACPI: IRQ0 used by override.
[    0.000000] ACPI: IRQ2 used by override.
[    0.000000] ACPI: IRQ9 used by override.
[    0.000000] Using ACPI (MADT) for SMP configuration information
[    0.000000] smpboot: Allowing 64 CPUs, 62 hotplug CPUs
[    0.000000] nr_irqs_gsi: 40
[    0.000000] PM: Registered nosave memory: [mem 0x0009f000-0x0009ffff]
[    0.000000] PM: Registered nosave memory: [mem 0x000a0000-0x000dffff]
[    0.000000] PM: Registered nosave memory: [mem 0x000e0000-0x000fffff]
[    0.000000] PM: Registered nosave memory: [mem 0x1fff0000-0x1fffefff]
[    0.000000] PM: Registered nosave memory: [mem 0x1ffff000-0x1fffffff]
[    0.000000] PM: Registered nosave memory: [mem 0x20000000-0xffffffff]
[    0.000000] e820: [mem 0x20000000-0xffffffff] available for PCI devices
[    0.000000] Booting paravirtualized kernel on bare hardware
[    0.000000] setup_percpu: NR_CPUS:5120 nr_cpumask_bits:64 nr_cpu_ids:64 nr_node_ids:1
[    0.000000] PERCPU: Embedded 28 pages/cpu @ffff880297e00000 s82752 r8192 d23744 u131072
[    0.000000] pcpu-alloc: s82752 r8192 d23744 u131072 alloc=1*2097152
[    0.000000] pcpu-alloc: [0] 00 01 02 03 04 05 06 07 08 09 10 11 12 13 14 15 
[    0.000000] pcpu-alloc: [0] 16 17 18 19 20 21 22 23 24 25 26 27 28 29 30 31 
[    0.000000] pcpu-alloc: [0] 32 33 34 35 36 37 38 39 40 41 42 43 44 45 46 47 
[    0.000000] pcpu-alloc: [0] 48 49 50 51 52 53 54 55 56 57 58 59 60 61 62 63 
[    0.000000] Built 1 zonelists in Zone order, mobility grouping on.  Total pages: 1806201
[    0.000000] Policy zone: Normal
[    0.000000] Kernel command line: BOOT_IMAGE=/boot/vmlinuz-3.10.0-229.4.2.el7.x86_64 root=UUID=427e4cf4-85d2-4b58-ac5b-a5c12d0b70dd ro rootdelay=300 console=ttyS0 earlyprintk=ttyS0 vconsole.keymap=us vconsole.font=latarcyrheb-sun16
[    0.000000] PID hash table entries: 4096 (order: 3, 32768 bytes)
[    0.000000] xsave: enabled xstate_bv 0x7, cntxt size 0x340
[    0.000000] Checking aperture...
[    0.000000] No AGP bridge found
[    0.000000] Memory: 7121096k/11010048k available (6245k kernel code, 3670472k absent, 218480k reserved, 4177k data, 1604k init)
[    0.000000] SLUB: HWalign=64, Order=0-3, MinObjects=0, CPUs=64, Nodes=1
[    0.000000] Hierarchical RCU implementation.
[    0.000000] 	RCU restricting CPUs from NR_CPUS=5120 to nr_cpu_ids=64.
[    0.000000] 	Experimental no-CBs for all CPUs
[    0.000000] 	Experimental no-CBs CPUs: 0-63.
[    0.000000] NR_IRQS:327936 nr_irqs:1192 16
[    0.000000] Console: colour VGA+ 80x25
[    0.000000] console [ttyS0] enabled, bootconsole disabled
[    0.000000] allocated 29360128 bytes of page_cgroup
[    0.000000] please try 'cgroup_disable=memory' option if you don't want memory cgroups
[    0.000000] tsc: Fast TSC calibration failed
[    0.000000] tsc: Unable to calibrate against PIT
[    0.000000] tsc: using PMTIMER reference calibration
[    0.000000] tsc: Detected 2194.668 MHz processor
[    0.007018] Calibrating delay loop (skipped), value calculated using timer frequency.. 4389.33 BogoMIPS (lpj=2194668)
[    0.009018] pid_max: default: 65536 minimum: 512
[    0.009838] Security Framework initialized
[    0.010027] SELinux:  Initializing.
[    0.011041] SELinux:  Starting in permissive mode
[    0.012518] Dentry cache hash table entries: 1048576 (order: 11, 8388608 bytes)
[    0.015680] Inode-cache hash table entries: 524288 (order: 10, 4194304 bytes)
[    0.017522] Mount-cache hash table entries: 4096
[    0.018335] Initializing cgroup subsys memory
[    0.019035] Initializing cgroup subsys devices
[    0.020018] Initializing cgroup subsys freezer
[    0.020680] Initializing cgroup subsys net_cls
[    0.021018] Initializing cgroup subsys blkio
[    0.022019] Initializing cgroup subsys perf_event
[    0.022709] Initializing cgroup subsys hugetlb
[    0.023120] CPU: Physical Processor ID: 0
[    0.024018] CPU: Processor Core ID: 0
[    0.024613] mce: CPU supports 1 MCE banks
[    0.025045] Last level iTLB entries: 4KB 512, 2MB 0, 4MB 0
Last level dTLB entries: 4KB 512, 2MB 32, 4MB 32
tlb_flushall_shift: 6
[    0.026232] Freeing SMP alternatives: 24k freed
[    0.031580] ACPI: Core revision 20130517
[    0.033774] ACPI: All ACPI Tables successfully acquired
[    0.035087] ftrace: allocating 23915 entries in 94 pages
[    0.043274] Switched APIC routing to physical flat.
[    0.088404] ..TIMER: vector=0x30 apic1=0 pin1=2 apic2=-1 pin2=-1
[    0.089002] smpboot: CPU0: Intel(R) Xeon(R) CPU E5-2660 0 @ 2.20GHz (fam: 06, model: 2d, stepping: 07)
[    0.090908] Performance Events: unsupported p6 CPU model 45 no PMU driver, software events only.
[    0.094914] NMI watchdog: disabled (cpu0): hardware events not enabled
[    0.095104] smpboot: Booting Node   0, Processors  #1
[    0.109039] Brought up 2 CPUs
[    0.110006] smpboot: Total of 2 processors activated (8778.67 BogoMIPS)
[    0.116052] devtmpfs: initialized
[    0.120550] EVM: security.selinux
[    0.121004] EVM: security.ima
[    0.121538] EVM: security.capability
[    0.122062] PM: Registering ACPI NVS region [mem 0x1ffff000-0x1fffffff] (4096 bytes)
[    0.124559] atomic64 test passed for x86-64 platform with CX8 and with SSE
[    0.125162] NET: Registered protocol family 16
[    0.126235] ACPI: bus type PCI registered
[    0.127003] acpiphp: ACPI Hot Plug PCI Controller Driver version: 0.5
[    0.128282] PCI: Using configuration type 1 for base access
[    0.130116] ACPI: Added _OSI(Module Device)
[    0.131003] ACPI: Added _OSI(Processor Device)
[    0.131645] ACPI: Added _OSI(3.0 _SCP Extensions)
[    0.132002] ACPI: Added _OSI(Processor Aggregator Device)
[    0.134070] ACPI: EC: Look up EC in DSDT
[    0.136106] ACPI: Interpreter enabled
[    0.136709] ACPI Exception: AE_NOT_FOUND, While evaluating Sleep State [\_S1_] (20130517/hwxface-571)
[    0.138003] ACPI Exception: AE_NOT_FOUND, While evaluating Sleep State [\_S2_] (20130517/hwxface-571)
[    0.139464] ACPI Exception: AE_NOT_FOUND, While evaluating Sleep State [\_S3_] (20130517/hwxface-571)
[    0.140910] ACPI Exception: AE_NOT_FOUND, While evaluating Sleep State [\_S4_] (20130517/hwxface-571)
[    0.142007] ACPI: (supports S0 S5)
[    0.142573] ACPI: Using IOAPIC for interrupt routing
[    0.143025] PCI: Using host bridge windows from ACPI; if necessary, use "pci=nocrs" and report a bug
[    0.153696] ACPI: PCI Root Bridge [PCI0] (domain 0000 [bus 00-ff])
[    0.154007] acpi PNP0A03:00: _OSC: OS supports [ASPM ClockPM Segments MSI]
[    0.155006] acpi PNP0A03:00: _OSC failed (AE_NOT_FOUND); disabling ASPM
[    0.157208] acpi PNP0A03:00: fail to add MMCONFIG information, can't access extended PCI configuration space under this bridge.
[    0.158108] PCI host bridge to bus 0000:00
[    0.159018] pci_bus 0000:00: root bus resource [bus 00-ff]
[    0.159734] pci_bus 0000:00: root bus resource [mem 0xfe0000000-0xfffefffff]
[    0.160003] pci_bus 0000:00: root bus resource [io  0x0000-0x0cf7]
[    0.161002] pci_bus 0000:00: root bus resource [io  0x0d00-0xffff]
[    0.162002] pci_bus 0000:00: root bus resource [mem 0x000a0000-0x000bffff]
[    0.163004] pci_bus 0000:00: root bus resource [mem 0x20000000-0xfffbffff]
[    0.164003] pci 0000:00:00.0: [8086:7192] type 00 class 0x060000
[    0.165367] pci 0000:00:07.0: [8086:7110] type 00 class 0x060100
[    0.167209] pci 0000:00:07.1: [8086:7111] type 00 class 0x010180
[    0.168716] pci 0000:00:07.1: reg 0x20: [io  0xffa0-0xffaf]
[    0.169368] pci 0000:00:07.1: legacy IDE quirk: reg 0x10: [io  0x01f0-0x01f7]
[    0.170002] pci 0000:00:07.1: legacy IDE quirk: reg 0x14: [io  0x03f6]
[    0.171003] pci 0000:00:07.1: legacy IDE quirk: reg 0x18: [io  0x0170-0x0177]
[    0.171855] pci 0000:00:07.1: legacy IDE quirk: reg 0x1c: [io  0x0376]
[    0.173034] pci 0000:00:07.3: [8086:7113] type 00 class 0x068000
[    0.173068] * Found PM-Timer Bug on the chipset. Due to workarounds for a bug,
* this clock source is slow. Consider trying other clock sources
[    0.176218] pci 0000:00:07.3: quirk: [io  0x0400-0x043f] claimed by PIIX4 ACPI
[    0.177638] pci 0000:00:08.0: [1414:5353] type 00 class 0x030000
[    0.178034] pci 0000:00:08.0: reg 0x10: [mem 0xf8000000-0xfbffffff]
[    0.185525] ACPI: PCI Interrupt Link [LNKA] (IRQs 3 4 5 7 9 10 *11 12 14 15)
[    0.188467] ACPI: PCI Interrupt Link [LNKB] (IRQs 3 4 5 7 9 10 11 12 14 15) *0, disabled.
[    0.192182] ACPI: PCI Interrupt Link [LNKC] (IRQs 3 4 5 7 9 10 11 12 14 15) *0, disabled.
[    0.195725] ACPI: PCI Interrupt Link [LNKD] (IRQs 3 4 5 7 9 10 11 12 14 15) *0, disabled.
[    0.199437] ACPI: Enabled 1 GPEs in block 00 to 0F
[    0.200069] vgaarb: device added: PCI:0000:00:08.0,decodes=io+mem,owns=io+mem,locks=none
[    0.201002] vgaarb: loaded
[    0.202001] vgaarb: bridge control possible 0000:00:08.0
[    0.202827] SCSI subsystem initialized
[    0.203029] ACPI: bus type USB registered
[    0.204026] usbcore: registered new interface driver usbfs
[    0.205014] usbcore: registered new interface driver hub
[    0.205787] usbcore: registered new device driver usb
[    0.206099] PCI: Using ACPI for IRQ routing
[    0.207003] PCI: pci_cache_line_size set to 64 bytes
[    0.207315] e820: reserve RAM buffer [mem 0x0009fc00-0x0009ffff]
[    0.207318] e820: reserve RAM buffer [mem 0x1fff0000-0x1fffffff]
[    0.207443] NetLabel: Initializing
[    0.208002] NetLabel:  domain hash size = 128
[    0.209002] NetLabel:  protocols = UNLABELED CIPSOv4
[    0.209733] NetLabel:  unlabeled traffic allowed by default
[    0.211028] Switching to clocksource hyperv_clocksource
[    0.217314] pnp: PnP ACPI init
[    0.217927] ACPI: bus type PNP registered
[    0.218587] pnp 00:00: [dma 4]
[    0.218609] pnp 00:00: Plug and Play ACPI device, IDs PNP0200 (active)
[    0.218879] pnp 00:01: Plug and Play ACPI device, IDs PNP0b00 (active)
[    0.219164] pnp 00:02: Plug and Play ACPI device, IDs PNP0303 PNP030b (active)
[    0.219455] pnp 00:03: Plug and Play ACPI device, IDs PNP0f03 PNP0f13 (active)
[    0.219473] pnp 00:04: Plug and Play ACPI device, IDs PNP0800 (active)
[    0.219730] pnp 00:05: Plug and Play ACPI device, IDs PNP0c04 (active)
[    0.220487] pnp 00:06: [dma 0 disabled]
[    0.220516] pnp 00:06: Plug and Play ACPI device, IDs PNP0501 (active)
[    0.221258] pnp 00:07: [dma 0 disabled]
[    0.221290] pnp 00:07: Plug and Play ACPI device, IDs PNP0501 (active)
[    0.222047] pnp 00:08: [dma 2]
[    0.222086] pnp 00:08: Plug and Play ACPI device, IDs PNP0700 (active)
[    0.222123] system 00:09: [io  0x01e0-0x01ef] has been reserved
[    0.222940] system 00:09: [io  0x0160-0x016f] has been reserved
[    0.223750] system 00:09: [io  0x0278-0x027f] has been reserved
[    0.224569] system 00:09: [io  0x0378-0x037f] has been reserved
[    0.225390] system 00:09: [io  0x0678-0x067f] has been reserved
[    0.226211] system 00:09: [io  0x0778-0x077f] has been reserved
[    0.227026] system 00:09: [io  0x04d0-0x04d1] has been reserved
[    0.227836] system 00:09: Plug and Play ACPI device, IDs PNP0c02 (active)
[    0.227981] system 00:0a: [io  0x0400-0x043f] has been reserved
[    0.228800] system 00:0a: [io  0x0370-0x0371] has been reserved
[    0.229615] system 00:0a: [io  0x0440-0x044f] has been reserved
[    0.230434] system 00:0a: [mem 0xfec00000-0xfec00fff] could not be reserved
[    0.231331] system 00:0a: [mem 0xfee00000-0xfee00fff] has been reserved
[    0.232227] system 00:0a: Plug and Play ACPI device, IDs PNP0c02 (active)
[    0.232335] system 00:0b: [mem 0x00000000-0x0009ffff] could not be reserved
[    0.233258] system 00:0b: [mem 0x000c0000-0x000dffff] could not be reserved
[    0.234167] system 00:0b: [mem 0x000e0000-0x000fffff] could not be reserved
[    0.235068] system 00:0b: [mem 0x00100000-0x1fffffff] could not be reserved
[    0.236168] system 00:0b: [mem 0xfffc0000-0xffffffff] has been reserved
[    0.237353] system 00:0b: Plug and Play ACPI device, IDs PNP0c01 (active)
[    0.237655] pnp: PnP ACPI: found 12 devices
[    0.238637] ACPI: bus type PNP unregistered
[    0.247022] pci_bus 0000:00: resource 4 [mem 0xfe0000000-0xfffefffff]
[    0.247026] pci_bus 0000:00: resource 5 [io  0x0000-0x0cf7]
[    0.247028] pci_bus 0000:00: resource 6 [io  0x0d00-0xffff]
[    0.247030] pci_bus 0000:00: resource 7 [mem 0x000a0000-0x000bffff]
[    0.247032] pci_bus 0000:00: resource 8 [mem 0x20000000-0xfffbffff]
[    0.247087] NET: Registered protocol family 2
[    0.248385] TCP established hash table entries: 65536 (order: 7, 524288 bytes)
[    0.249715] TCP bind hash table entries: 65536 (order: 8, 1048576 bytes)
[    0.250751] TCP: Hash tables configured (established 65536 bind 65536)
[    0.251655] TCP: reno registered
[    0.252247] UDP hash table entries: 4096 (order: 5, 131072 bytes)
[    0.253117] UDP-Lite hash table entries: 4096 (order: 5, 131072 bytes)
[    0.254232] NET: Registered protocol family 1
[    0.254929] pci 0000:00:00.0: Limiting direct PCI/PCI transfers
[    0.255916] pci 0000:00:08.0: Boot video device
[    0.255949] PCI: CLS 0 bytes, default 64
[    0.256031] Unpacking initramfs...
[    0.515549] Freeing initrd memory: 14784k freed
[    0.521113] PCI-DMA: Using software bounce buffering for IO (SWIOTLB)
[    0.522678] software IO TLB [mem 0x1aaa6000-0x1eaa6000] (64MB) mapped at [ffff88001aaa6000-ffff88001eaa5fff]
[    0.524387] RAPL PMU detected, hw unit 2^-0 Joules, API unit is 2^-32 Joules, 3 fixed counters 10737418240 ms ovfl timer
[    0.526059] microcode: CPU0 sig=0x206d7, pf=0x1, revision=0xffffffff
[    0.527207] microcode: CPU1 sig=0x206d7, pf=0x1, revision=0xffffffff
[    0.528340] microcode: Microcode Update Driver: v2.00 <tigran@aivazian.fsnet.co.uk>, Peter Oruba
[    0.530029] futex hash table entries: 16384 (order: 8, 1048576 bytes)
[    0.531205] Initialise system trusted keyring
[    0.532145] audit: initializing netlink socket (disabled)
[    0.533184] type=2000 audit(1434999276.533:1): initialized
[    0.558752] HugeTLB registered 2 MB page size, pre-allocated 0 pages
[    0.561067] zbud: loaded
[    0.562046] VFS: Disk quotas dquot_6.5.2
[    0.562967] Dquot-cache hash table entries: 512 (order 0, 4096 bytes)
[    0.564317] msgmni has been set to 13937
[    0.565228] Key type big_key registered
[    0.566024] SELinux:  Registering netfilter hooks
[    0.567460] alg: No test for stdrng (krng)
[    0.568446] NET: Registered protocol family 38
[    0.569337] Key type asymmetric registered
[    0.570349] Asymmetric key parser 'x509' registered
[    0.571262] Block layer SCSI generic (bsg) driver version 0.4 loaded (major 252)
[    0.572419] io scheduler noop registered
[    0.573257] io scheduler deadline registered (default)
[    0.574204] io scheduler cfq registered
[    0.575202] pci_hotplug: PCI Hot Plug PCI Core version: 0.5
[    0.576192] pciehp: PCI Express Hot Plug Controller Driver version: 0.4
[    0.577291] intel_idle: does not run on family 6 model 45
[    0.577369] input: Power Button as /devices/LNXSYSTM:00/LNXPWRBN:00/input/input0
[    0.578505] ACPI: Power Button [PWRF]
[    0.579663] GHES: HEST is not enabled!
[    0.580800] Serial: 8250/16550 driver, 4 ports, IRQ sharing enabled
[    0.603734] 00:06: ttyS0 at I/O 0x3f8 (irq = 4) is a 16550A
[    0.626781] 00:07: ttyS1 at I/O 0x2f8 (irq = 3) is a 16550A
[    0.628666] Non-volatile memory driver v1.3
[    0.629617] Linux agpgart interface v0.103
[    0.630756] crash memory driver: version 1.1
[    0.631719] rdac: device handler registered
[    0.632748] hp_sw: device handler registered
[    0.633784] emc: device handler registered
[    0.634588] alua: device handler registered
[    0.635459] libphy: Fixed MDIO Bus: probed
[    0.636424] ehci_hcd: USB 2.0 'Enhanced' Host Controller (EHCI) Driver
[    0.637873] ehci-pci: EHCI PCI platform driver
[    0.638831] ohci_hcd: USB 1.1 'Open' Host Controller (OHCI) Driver
[    0.639865] ohci-pci: OHCI PCI platform driver
[    0.640859] uhci_hcd: USB Universal Host Controller Interface driver
[    0.642108] usbcore: registered new interface driver usbserial
[    0.643171] usbcore: registered new interface driver usbserial_generic
[    0.644355] usbserial: USB Serial support registered for generic
[    0.645605] i8042: PNP: PS/2 Controller [PNP0303:PS2K,PNP0f03:PS2M] at 0x60,0x64 irq 1,12
[    0.652966] serio: i8042 KBD port at 0x60,0x64 irq 1
[    0.653927] serio: i8042 AUX port at 0x60,0x64 irq 12
[    0.654967] mousedev: PS/2 mouse device common for all mice
[    0.656614] rtc_cmos 00:01: RTC can wake from S4
[    0.658494] rtc_cmos 00:01: rtc core: registered rtc_cmos as rtc0
[    0.660241] rtc_cmos 00:01: alarms up to one month, 114 bytes nvram
[    0.661267] cpuidle: using governor menu
[    0.662755] hidraw: raw HID events driver (C) Jiri Kosina
[    0.664342] input: AT Translated Set 2 keyboard as /devices/platform/i8042/serio0/input/input1
[    0.672307] usbcore: registered new interface driver usbhid
[    0.673386] usbhid: USB HID core driver
[    0.674274] drop_monitor: Initializing network drop monitor service
[    0.675533] TCP: cubic registered
[    0.676663] Initializing XFRM netlink socket
[    0.677803] NET: Registered protocol family 10
[    0.679136] NET: Registered protocol family 17
[    0.680543] Loading compiled-in X.509 certificates
[    0.681446] Loaded X.509 cert 'CentOS Linux kpatch signing key: ea0413152cde1d98ebdca3fe6f0230904c9ef717'
[    0.682787] Loaded X.509 cert 'CentOS Linux Driver update signing key: 7f421ee0ab69461574bb358861dbe77762a4201b'
[    0.685032] Loaded X.509 cert 'CentOS Linux kernel signing key: 59445632185e5a18d98cc70f8093293509770427'
[    0.686432] registered taskstats version 1
[    0.689822] Key type trusted registered
[    0.692945] Key type encrypted registered
[    0.695978] IMA: No TPM chip found, activating TPM-bypass!
[    0.697863] rtc_cmos 00:01: setting system clock to 2015-06-22 18:54:37 UTC (1434999277)
[    0.704136] Freeing unused kernel memory: 1604k freed
[    0.715340] systemd[1]: systemd 208 running in system mode. (+PAM +LIBWRAP +AUDIT +SELINUX +IMA +SYSVINIT +LIBCRYPTSETUP +GCRYPT +ACL +XZ)
[    0.716912] systemd[1]: Detected virtualization 'microsoft'.
[    0.717819] systemd[1]: Running in initial RAM disk.
[    0.727812] systemd[1]: Set hostname to <localhost.localdomain>.
[    0.763059] systemd[1]: Expecting device dev-disk-by\x2duuid-427e4cf4\x2d85d2\x2d4b58\x2dac5b\x2da5c12d0b70dd.device...
[    0.772670] systemd[1]: Starting -.slice.
[    0.781433] systemd[1]: Created slice -.slice.
[    0.782135] systemd[1]: Starting System Slice.
[    0.790610] systemd[1]: Created slice System Slice.
[    0.791338] systemd[1]: Starting Slices.
[    0.799867] systemd[1]: Reached target Slices.
[    0.800559] systemd[1]: Starting Timers.
[    0.808931] systemd[1]: Reached target Timers.
[    0.809667] systemd[1]: Starting Journal Socket.
[    0.818250] systemd[1]: Listening on Journal Socket.
[    0.819129] systemd[1]: Started dracut ask for additional cmdline parameters.
[    0.820218] systemd[1]: Starting dracut cmdline hook...
[    0.827340] systemd[1]: Starting Journal Service...
[    0.843349] systemd[1]: Started Journal Service.
[    0.880077] psmouse serio1: alps: Unknown ALPS touchpad: E7=12 00 64, EC=12 00 64
[    1.088781] psmouse serio1: trackpoint: failed to get extended button data
[    1.101971] systemd-udevd[323]: starting version 208
[    1.210360] Floppy drive(s): fd0 is 1.44M
[    1.215555] hv_vmbus: Hyper-V Host Build:9600-6.3-17-0.17039; Vmbus version:3.0
[    1.220658] libata version 3.00 loaded.
[    1.222439] ata_piix 0000:00:07.1: version 2.13
[    1.222658] ata_piix 0000:00:07.1: Hyper-V Virtual Machine detected, ATA device ignore set
[    1.239893] FDC 0 is an 82078.
[    1.247780] scsi host0: ata_piix
[    1.267476] scsi host1: ata_piix
[    1.267552] ata1: PATA max UDMA/33 cmd 0x1f0 ctl 0x3f6 bmdma 0xffa0 irq 14
[    1.267553] ata2: PATA max UDMA/33 cmd 0x170 ctl 0x376 bmdma 0xffa8 irq 15
[    1.425772] ata1.01: host indicates ignore ATA devices, ignored
[    1.426669] ata2.00: ATAPI: Virtual CD, , max MWDMA2
[    1.428478] ata1.00: host indicates ignore ATA devices, ignored
[    1.429538] ata2.00: configured for MWDMA2
[    1.431659] scsi 1:0:0:0: CD-ROM            Msft     Virtual CD/ROM   1.0  PQ: 0 ANSI: 5
[    1.454719] sr 1:0:0:0: [sr0] scsi3-mmc drive: 0x/0x tray
[    1.455518] cdrom: Uniform CD-ROM driver Revision: 3.20
[    1.456599] sr 1:0:0:0: Attached scsi CD-ROM sr0
[    1.592289] tsc: Refined TSC clocksource calibration: 2194.710 MHz
[    5.119399] psmouse serio1: trackpoint: IBM TrackPoint firmware: 0x01, buttons: 0/0
[    5.122439] input: TPPS/2 IBM TrackPoint as /devices/platform/i8042/serio1/input/input2
[    6.242003] hv_vmbus: registering driver hv_storvsc
[    6.248435] hv_vmbus: registering driver hid_hyperv
[    6.250424] hv_vmbus: registering driver hv_netvsc
[    6.250737] scsi host2: storvsc_host_t
[    6.252258] scsi 2:0:0:0: Direct-Access     Msft     Virtual Disk     1.0  PQ: 0 ANSI: 4
[    6.256163] scsi host3: storvsc_host_t
[    6.257780] scsi 3:0:1:0: Direct-Access     Msft     Virtual Disk     1.0  PQ: 0 ANSI: 4
[    6.261054] scsi host4: storvsc_host_t
[    6.262687] scsi 4:0:0:0: scsi scan: INQUIRY result too short (5), using 36
[    6.264349] scsi 4:0:0:1: scsi scan: INQUIRY result too short (5), using 36
[    6.265432] input: Microsoft Vmbus HID-compliant Mouse as /devices/virtual/input/input3
[    6.267233] hid-generic 0006:045E:0621.0001: input: <UNKNOWN> HID v0.01 Mouse [Microsoft Vmbus HID-compliant Mouse] on 
[    6.268863] scsi 4:0:1:0: scsi scan: INQUIRY result too short (5), using 36
[    6.269177] scsi 4:0:1:1: scsi scan: INQUIRY result too short (5), using 36
[    6.270758] scsi 4:1:0:0: scsi scan: INQUIRY result too short (5), using 36
[    6.271938] scsi 4:1:0:1: scsi scan: INQUIRY result too short (5), using 36
[    6.272250] scsi 4:1:1:0: scsi scan: INQUIRY result too short (5), using 36
[    6.274007] scsi 4:1:1:1: scsi scan: INQUIRY result too short (5), using 36
[    6.275606] scsi 4:2:0:0: scsi scan: INQUIRY result too short (5), using 36
[    6.277418] scsi 4:2:0:1: scsi scan: INQUIRY result too short (5), using 36
[    6.277945] scsi 4:2:1:0: scsi scan: INQUIRY result too short (5), using 36
[    6.279430] scsi 4:2:1:1: scsi scan: INQUIRY result too short (5), using 36
[    6.279752] scsi 4:3:0:0: scsi scan: INQUIRY result too short (5), using 36
[    6.281390] scsi 4:3:0:1: scsi scan: INQUIRY result too short (5), using 36
[    6.283043] scsi 4:3:1:0: scsi scan: INQUIRY result too short (5), using 36
[    6.283395] scsi 4:3:1:1: scsi scan: INQUIRY result too short (5), using 36
[    6.285147] scsi 4:4:0:0: scsi scan: INQUIRY result too short (5), using 36
[    6.286673] scsi 4:4:0:1: scsi scan: INQUIRY result too short (5), using 36
[    6.286990] scsi 4:4:1:0: scsi scan: INQUIRY result too short (5), using 36
[    6.288550] scsi 4:4:1:1: scsi scan: INQUIRY result too short (5), using 36
[    6.290000] scsi 4:5:0:0: scsi scan: INQUIRY result too short (5), using 36
[    6.290264] scsi 4:5:0:1: scsi scan: INQUIRY result too short (5), using 36
[    6.291608] scsi 4:5:1:0: scsi scan: INQUIRY result too short (5), using 36
[    6.291990] scsi 4:5:1:1: scsi scan: INQUIRY result too short (5), using 36
[    6.293356] scsi 4:6:0:0: scsi scan: INQUIRY result too short (5), using 36
[    6.293791] scsi 4:6:0:1: scsi scan: INQUIRY result too short (5), using 36
[    6.295408] scsi 4:6:1:0: scsi scan: INQUIRY result too short (5), using 36
[    6.296855] scsi 4:6:1:1: scsi scan: INQUIRY result too short (5), using 36
[    6.297172] scsi 4:7:0:0: scsi scan: INQUIRY result too short (5), using 36
[    6.298657] scsi 4:7:0:1: scsi scan: INQUIRY result too short (5), using 36
[    6.300314] scsi 4:7:1:0: scsi scan: INQUIRY result too short (5), using 36
[    6.300584] scsi 4:7:1:1: scsi scan: INQUIRY result too short (5), using 36
[    6.322793] hv_netvsc: hv_netvsc channel opened successfully
[    7.251879] hv_netvsc vmbus_0_14: Send section size: 6144, Section count:2560
[    7.254165] hv_netvsc vmbus_0_14: Device MAC 00:0d:3a:a0:70:4e link state up
[    7.289173] scsi host5: storvsc_host_t
[    7.290888] scsi 5:0:0:0: Direct-Access     Msft     Virtual Disk     1.0  PQ: 0 ANSI: 4
[    7.293035] scsi 5:0:0:1: Direct-Access     Msft     Virtual Disk     1.0  PQ: 0 ANSI: 4
[    7.295069] scsi 5:0:1:0: scsi scan: INQUIRY result too short (5), using 36
[    7.296771] scsi 5:0:1:1: scsi scan: INQUIRY result too short (5), using 36
[    7.299577] scsi 5:1:0:0: scsi scan: INQUIRY result too short (5), using 36
[    7.301560] scsi 5:1:0:1: scsi scan: INQUIRY result too short (5), using 36
[    7.303436] scsi 5:1:1:0: scsi scan: INQUIRY result too short (5), using 36
[    7.305349] scsi 5:1:1:1: scsi scan: INQUIRY result too short (5), using 36
[    7.307273] scsi 5:2:0:0: scsi scan: INQUIRY result too short (5), using 36
[    7.309166] scsi 5:2:0:1: scsi scan: INQUIRY result too short (5), using 36
[    7.311168] scsi 5:2:1:0: scsi scan: INQUIRY result too short (5), using 36
[    7.312893] scsi 5:2:1:1: scsi scan: INQUIRY result too short (5), using 36
[    7.314821] scsi 5:3:0:0: scsi scan: INQUIRY result too short (5), using 36
[    7.316668] scsi 5:3:0:1: scsi scan: INQUIRY result too short (5), using 36
[    7.318294] scsi 5:3:1:0: scsi scan: INQUIRY result too short (5), using 36
[    7.319862] scsi 5:3:1:1: scsi scan: INQUIRY result too short (5), using 36
[    7.321464] scsi 5:4:0:0: scsi scan: INQUIRY result too short (5), using 36
[    7.323249] scsi 5:4:0:1: scsi scan: INQUIRY result too short (5), using 36
[    7.324813] scsi 5:4:1:0: scsi scan: INQUIRY result too short (5), using 36
[    7.326456] scsi 5:4:1:1: scsi scan: INQUIRY result too short (5), using 36
[    7.328075] scsi 5:5:0:0: scsi scan: INQUIRY result too short (5), using 36
[    7.329663] scsi 5:5:0:1: scsi scan: INQUIRY result too short (5), using 36
[    7.332156] scsi 5:5:1:0: scsi scan: INQUIRY result too short (5), using 36
[    7.333970] scsi 5:5:1:1: scsi scan: INQUIRY result too short (5), using 36
[    7.336306] scsi 5:6:0:0: scsi scan: INQUIRY result too short (5), using 36
[    7.338274] scsi 5:6:0:1: scsi scan: INQUIRY result too short (5), using 36
[    7.340302] scsi 5:6:1:0: scsi scan: INQUIRY result too short (5), using 36
[    7.342163] scsi 5:6:1:1: scsi scan: INQUIRY result too short (5), using 36
[    7.343918] scsi 5:7:0:0: scsi scan: INQUIRY result too short (5), using 36
[    7.345785] scsi 5:7:0:1: scsi scan: INQUIRY result too short (5), using 36
[    7.347539] scsi 5:7:1:0: scsi scan: INQUIRY result too short (5), using 36
[    7.349190] scsi 5:7:1:1: scsi scan: INQUIRY result too short (5), using 36
[    7.364426] sd 2:0:0:0: [sda] 62914560 512-byte logical blocks: (32.2 GB/30.0 GiB)
[    7.366448] sd 2:0:0:0: [sda] Write Protect is off
[    7.367168] sd 2:0:0:0: [sda] Mode Sense: 0f 00 10 00
[    7.367178] sd 3:0:1:0: [sdb] 29360128 512-byte logical blocks: (15.0 GB/14.0 GiB)
[    7.368443] sd 3:0:1:0: [sdb] Write Protect is off
[    7.369115] sd 3:0:1:0: [sdb] Mode Sense: 0f 00 10 00
[    7.369869] sd 5:0:0:0: [sdc] 20971520 512-byte logical blocks: (10.7 GB/10.0 GiB)
[    7.371229] sd 5:0:0:0: [sdc] Write Protect is off
[    7.373147] sd 5:0:0:0: [sdc] Mode Sense: 0f 00 10 00
[    7.373364] sd 3:0:1:0: [sdb] Write cache: enabled, read cache: enabled, supports DPO and FUA
[    7.375779] sd 5:0:0:1: [sdd] 20971520 512-byte logical blocks: (10.7 GB/10.0 GiB)
[    7.375782] sd 5:0:0:0: [sdc] Write cache: enabled, read cache: enabled, supports DPO and FUA
[    7.375850] sd 2:0:0:0: [sda] Write cache: enabled, read cache: enabled, supports DPO and FUA
[    7.377851]  sdc: sdc1
[    7.379016]  sda: sda1 sda2
[    7.380702] sd 5:0:0:0: [sdc] Attached SCSI disk
[    7.381159] sd 2:0:0:0: [sda] Attached SCSI disk
[    7.383335] sd 5:0:0:1: [sdd] Write Protect is off
[    7.384086] sd 5:0:0:1: [sdd] Mode Sense: 0f 00 10 00
[    7.384462] sd 5:0:0:1: [sdd] Write cache: enabled, read cache: enabled, supports DPO and FUA
[    7.385991]  sdb: sdb1
[    7.387525] sd 3:0:1:0: [sdb] Attached SCSI disk
[    7.388847]  sdd: sdd1
[    7.390101] sd 5:0:0:1: [sdd] Attached SCSI disk
[    7.549000] EXT4-fs (sda1): mounted filesystem with ordered data mode. Opts: (null)
[    7.816389] systemd-journald[215]: Received SIGTERM
[    7.906323] type=1404 audit(1434999284.707:2): enforcing=1 old_enforcing=0 auid=4294967295 ses=4294967295
[    8.079487] SELinux: 2048 avtab hash slots, 104472 rules.
[    8.099242] SELinux: 2048 avtab hash slots, 104472 rules.
[    8.134044] SELinux:  8 users, 102 roles, 4976 types, 295 bools, 1 sens, 1024 cats
[    8.134048] SELinux:  83 classes, 104472 rules
[    8.140072] SELinux:  Completing initialization.
[    8.140074] SELinux:  Setting up existing superblocks.
[    8.140081] SELinux: initialized (dev sysfs, type sysfs), uses genfs_contexts
[    8.140086] SELinux: initialized (dev rootfs, type rootfs), uses genfs_contexts
[    8.140095] SELinux: initialized (dev bdev, type bdev), uses genfs_contexts
[    8.140099] SELinux: initialized (dev proc, type proc), uses genfs_contexts
[    8.140150] SELinux: initialized (dev tmpfs, type tmpfs), uses transition SIDs
[    8.140159] SELinux: initialized (dev devtmpfs, type devtmpfs), uses transition SIDs
[    8.140607] SELinux: initialized (dev sockfs, type sockfs), uses task SIDs
[    8.140612] SELinux: initialized (dev debugfs, type debugfs), uses genfs_contexts
[    8.141453] SELinux: initialized (dev pipefs, type pipefs), uses task SIDs
[    8.141458] SELinux: initialized (dev anon_inodefs, type anon_inodefs), uses genfs_contexts
[    8.141461] SELinux: initialized (dev aio, type aio), not configured for labeling
[    8.141464] SELinux: initialized (dev devpts, type devpts), uses transition SIDs
[    8.141475] SELinux: initialized (dev hugetlbfs, type hugetlbfs), uses transition SIDs
[    8.141479] SELinux: initialized (dev mqueue, type mqueue), uses transition SIDs
[    8.141484] SELinux: initialized (dev selinuxfs, type selinuxfs), uses genfs_contexts
[    8.141494] SELinux: initialized (dev securityfs, type securityfs), uses genfs_contexts
[    8.141498] SELinux: initialized (dev sysfs, type sysfs), uses genfs_contexts
[    8.141777] SELinux: initialized (dev tmpfs, type tmpfs), uses transition SIDs
[    8.141782] SELinux: initialized (dev tmpfs, type tmpfs), uses transition SIDs
[    8.141840] SELinux: initialized (dev tmpfs, type tmpfs), uses transition SIDs
[    8.141864] SELinux: initialized (dev cgroup, type cgroup), uses genfs_contexts
[    8.141871] SELinux: initialized (dev pstore, type pstore), uses genfs_contexts
[    8.141874] SELinux: initialized (dev cgroup, type cgroup), uses genfs_contexts
[    8.141879] SELinux: initialized (dev cgroup, type cgroup), uses genfs_contexts
[    8.141884] SELinux: initialized (dev cgroup, type cgroup), uses genfs_contexts
[    8.141892] SELinux: initialized (dev cgroup, type cgroup), uses genfs_contexts
[    8.141896] SELinux: initialized (dev cgroup, type cgroup), uses genfs_contexts
[    8.141899] SELinux: initialized (dev cgroup, type cgroup), uses genfs_contexts
[    8.141903] SELinux: initialized (dev cgroup, type cgroup), uses genfs_contexts
[    8.141910] SELinux: initialized (dev cgroup, type cgroup), uses genfs_contexts
[    8.141914] SELinux: initialized (dev cgroup, type cgroup), uses genfs_contexts
[    8.141919] SELinux: initialized (dev configfs, type configfs), uses genfs_contexts
[    8.141928] SELinux: initialized (dev sda1, type ext4), uses xattr
[    8.150444] type=1403 audit(1434999284.952:3): policy loaded auid=4294967295 ses=4294967295
[    8.158256] systemd[1]: Successfully loaded SELinux policy in 252.510ms.
[    8.191127] systemd[1]: Relabelled /dev and /run in 18.789ms.
[    8.334997] SELinux: initialized (dev autofs, type autofs), uses genfs_contexts
[    8.335450] SELinux: initialized (dev hugetlbfs, type hugetlbfs), uses transition SIDs
[    8.497659] systemd-udevd[499]: starting version 208
[    8.540819] EXT4-fs (sda1): re-mounted. Opts: (null)
[    8.640655] systemd-journald[492]: Received request to flush runtime journal from PID 1
[    8.785372] hv_utils: Registering HyperV Utility Driver
[    8.786224] hv_vmbus: registering driver hv_util
[    8.794355] hv_vmbus: registering driver hyperv_fb
[    8.796968] hyperv_fb: Screen resolution: 1152x864, Color depth: 32
[    8.798234] hv_vmbus: registering driver hyperv_keyboard
[    8.803684] Console: switching to colour frame buffer device 144x54
[    8.813560] input: AT Translated Set 2 keyboard as /devices/LNXSYSTM:00/device:00/PNP0A03:00/device:08/VMBUS:01/vmbus_0_5/serio2/input/input4
[    8.824067] piix4_smbus 0000:00:07.3: SMBus base address uninitialized - upgrade BIOS or use force_addr=0xaddr
[    8.855531] input: PC Speaker as /devices/platform/pcspkr/input/input5
[    8.967282] AES CTR mode by8 optimization enabled
[    8.976616] type=1305 audit(1434999259.083:4): audit_pid=547 old=0 auid=4294967295 ses=4294967295 subj=system_u:system_r:auditd_t:s0 res=1
[    8.984637] alg: No test for __gcm-aes-aesni (__driver-gcm-aes-aesni)
[    8.998048] alg: No test for crc32 (crc32-pclmul)
[    9.157024] intel_rapl: domain package energy ctr 0:0 not working, skip
[    9.302626] intel_rapl: domain core energy ctr 0:0 not working, skip
[    9.329341] IPv6: ADDRCONF(NETDEV_UP): eth0: link is not ready
[    9.452537] intel_rapl: domain uncore energy ctr 0:0 not working, skip
[    9.598540] intel_rapl: domain dram energy ctr 0:0 not working, skip
[    9.599665] intel_rapl: no valid rapl domains found in package 0
[    9.752678] intel_rapl: domain package energy ctr 0:0 not working, skip
[    9.899802] intel_rapl: domain core energy ctr 0:0 not working, skip
[   10.054914] intel_rapl: domain uncore energy ctr 0:0 not working, skip
[   10.213410] intel_rapl: domain dram energy ctr 0:0 not working, skip
[   10.214964] intel_rapl: no valid rapl domains found in package 0
[   10.355428] ip_tables: (C) 2000-2006 Netfilter Core Team
[   10.844514] EXT4-fs (sdb1): mounted filesystem with ordered data mode. Opts: (null)
[   10.845585] SELinux: initialized (dev sdb1, type ext4), uses xattr
[   60.660636] md: bind<sdc1>
[   60.662625] md: bind<sdd1>
[   60.684480] md: raid0 personality registered for level 0
[   60.686568] md/raid0:md1: md_size is 41906176 sectors.
[   60.687943] md: RAID0 configuration for md1 - 1 zone
[   60.689287] md: zone0=[sdc1/sdd1]
[   60.692110]       zone-offset=         0KB, device-offset=         0KB, size=  20953088KB

[   60.694836] md1: detected capacity change from 0 to 21455962112
[   60.703408]  md1: unknown partition table
[   77.742308] EXT4-fs (md1): barriers disabled
[   77.748986] EXT4-fs (md1): mounted filesystem with ordered data mode. Opts: nobarrier
[   77.750634] SELinux: initialized (dev md1, type ext4), uses xattr
[  761.822046] md1: detected capacity change from 21455962112 to 0
[  761.824556] md: md1 stopped.
[  761.825713] md: unbind<sdd1>
[  761.832588] md: export_rdev(sdd1)
[  761.834839] md: unbind<sdc1>
[  761.837603] md: export_rdev(sdc1)
